Unit asterisk.service could not be found.
● mariadb.service - MariaDB 10.11.14 database server
     Loaded: loaded (/usr/lib/systemd/system/mariadb.service; enabled; preset: enabled)
     Active: active (running) since Thu 2026-08-06 11:42:05 UTC; 24s ago
       Docs: man:mariadbd(8)
             https://mariadb.com/kb/en/library/systemd/
   Main PID: 4151 (mariadbd)
     Status: "Taking your SQL requests now..."
      Tasks: 14 (limit: 126011)
     Memory: 80.5M (peak: 84.1M)
        CPU: 271ms
     CGroup: /system.slice/mariadb.service
             └─4151 /usr/sbin/mariadbd

Aug 06 11:42:05 runnervmscnyy mariadbd[4151]: 2026-08-06 11:42:05 0 [Note] InnoDB: Loading buffer pool(s) from /var/lib/mysql/ib_buffer_pool
Aug 06 11:42:05 runnervmscnyy mariadbd[4151]: 2026-08-06 11:42:05 0 [Note] Plugin 'FEEDBACK' is disabled.
Aug 06 11:42:05 runnervmscnyy mariadbd[4151]: 2026-08-06 11:42:05 0 [Warning] You need to use --log-bin to make --expire-logs-days or --binlog-expire-logs-seconds work.
Aug 06 11:42:05 runnervmscnyy mariadbd[4151]: 2026-08-06 11:42:05 0 [Note] Server socket created on IP: '127.0.0.1', port: '3306'.
Aug 06 11:42:05 runnervmscnyy mariadbd[4151]: 2026-08-06 11:42:05 0 [Note] InnoDB: Buffer pool(s) load completed at 260806 11:42:05
Aug 06 11:42:05 runnervmscnyy mariadbd[4151]: 2026-08-06 11:42:05 0 [Note] /usr/sbin/mariadbd: ready for connections.
Aug 06 11:42:05 runnervmscnyy mariadbd[4151]: Version: '10.11.14-MariaDB-0ubuntu0.24.04.1'  socket: '/run/mysqld/mysqld.sock'  port: 3306  Ubuntu 24.04
Aug 06 11:42:05 runnervmscnyy systemd[1]: Started mariadb.service - MariaDB 10.11.14 database server.
Aug 06 11:42:05 runnervmscnyy /etc/mysql/debian-start[4169]: Upgrading MariaDB tables if necessary.
Aug 06 11:42:05 runnervmscnyy /etc/mysql/debian-start[4180]: Checking for insecure root accounts.

● redis-server.service - Advanced key-value store
     Loaded: loaded (/usr/lib/systemd/system/redis-server.service; enabled; preset: enabled)
     Active: active (running) since Thu 2026-08-06 11:42:04 UTC; 25s ago
       Docs: http://redis.io/documentation,
             man:redis-server(1)
   Main PID: 3907 (redis-server)
     Status: "Ready to accept connections"
      Tasks: 5 (limit: 19092)
     Memory: 3.9M (peak: 4.4M)
        CPU: 59ms
     CGroup: /system.slice/redis-server.service
             └─3907 "/usr/bin/redis-server 127.0.0.1:6379"

Aug 06 11:42:04 runnervmscnyy systemd[1]: Starting redis-server.service - Advanced key-value store...
Aug 06 11:42:04 runnervmscnyy systemd[1]: Started redis-server.service - Advanced key-value store.

○ franzfon-wizard.service - FRANZFON Wizard ARM64
     Loaded: loaded (/etc/systemd/system/franzfon-wizard.service; disabled; preset: enabled)
     Active: inactive (dead)
