
===== EXTRACT APPLIANCE =====
device 1: drive-scsi0, virtual size=34359738368
processed 1000 extents
processed 2000 extents
processed 3000 extents
processed 4000 extents
processed 5000 extents
processed 6000 extents
processed 7000 extents
processed 8000 extents
processed 9000 extents
done: 9040 extents

===== MOUNT ROOT READ-ONLY =====

===== BASELINE =====

===== FRANZFON SERVICES =====

===== NODE PROJECT MANIFESTS =====

===== NODE NATIVE RISKS =====

===== NATIVE FRANZFON BINARIES =====

===== ASTERISK PORTABILITY =====

===== APT AND RUNTIME SOURCES =====

===== APPLICATION SHAPE =====

===== DATABASE LAYOUT WITHOUT CONTENTS =====

===== GENERATE PORTABILITY VERDICT INPUT =====

===== SANITIZE =====
Portability audit v2 completed successfully.
application-shape.txt	32641 bytes
apt-sources.txt	1492 bytes
asterisk-portability.txt	76743 bytes
baseline.txt	4135 bytes
database-layout.txt	591 bytes
franzfon-native-binaries.txt	4064 bytes
franzfon-services.txt	2876 bytes
node-native-risk.txt	4292 bytes
node-project-manifests.txt	1283 bytes
portability-verdict-input.txt	493 bytes
run.log	760 bytes
summary.txt	45 bytes
