Unit asterisk.service could not be found.
● mariadb.service - MariaDB 10.11.14 database server
     Loaded: loaded (/usr/lib/systemd/system/mariadb.service; enabled; preset: enabled)
     Active: active (running) since Thu 2026-08-06 11:41:33 UTC; 20s ago
       Docs: man:mariadbd(8)
             https://mariadb.com/kb/en/library/systemd/
   Main PID: 4080 (mariadbd)
     Status: "Taking your SQL requests now..."
      Tasks: 14 (limit: 126011)
     Memory: 80.5M (peak: 84.1M)
        CPU: 248ms
     CGroup: /system.slice/mariadb.service
             └─4080 /usr/sbin/mariadbd

Aug 06 11:41:33 runnervmscnyy mariadbd[4080]: 2026-08-06 11:41:33 0 [Note] InnoDB: log sequence number 45502; transaction id 14
Aug 06 11:41:33 runnervmscnyy mariadbd[4080]: 2026-08-06 11:41:33 0 [Note] InnoDB: Loading buffer pool(s) from /var/lib/mysql/ib_buffer_pool
Aug 06 11:41:33 runnervmscnyy mariadbd[4080]: 2026-08-06 11:41:33 0 [Note] Plugin 'FEEDBACK' is disabled.
Aug 06 11:41:33 runnervmscnyy mariadbd[4080]: 2026-08-06 11:41:33 0 [Warning] You need to use --log-bin to make --expire-logs-days or --binlog-expire-logs-seconds work.
Aug 06 11:41:33 runnervmscnyy mariadbd[4080]: 2026-08-06 11:41:33 0 [Note] Server socket created on IP: '127.0.0.1', port: '3306'.
Aug 06 11:41:33 runnervmscnyy mariadbd[4080]: 2026-08-06 11:41:33 0 [Note] InnoDB: Buffer pool(s) load completed at 260806 11:41:33
Aug 06 11:41:33 runnervmscnyy mariadbd[4080]: 2026-08-06 11:41:33 0 [Note] /usr/sbin/mariadbd: ready for connections.
Aug 06 11:41:33 runnervmscnyy mariadbd[4080]: Version: '10.11.14-MariaDB-0ubuntu0.24.04.1'  socket: '/run/mysqld/mysqld.sock'  port: 3306  Ubuntu 24.04
Aug 06 11:41:33 runnervmscnyy systemd[1]: Started mariadb.service - MariaDB 10.11.14 database server.
Aug 06 11:41:33 runnervmscnyy /etc/mysql/debian-start[4099]: Upgrading MariaDB tables if necessary.

● redis-server.service - Advanced key-value store
     Loaded: loaded (/usr/lib/systemd/system/redis-server.service; enabled; preset: enabled)
     Active: active (running) since Thu 2026-08-06 11:41:32 UTC; 22s ago
       Docs: http://redis.io/documentation,
             man:redis-server(1)
   Main PID: 3844 (redis-server)
     Status: "Ready to accept connections"
      Tasks: 5 (limit: 19092)
     Memory: 3.6M (peak: 4.3M)
        CPU: 52ms
     CGroup: /system.slice/redis-server.service
             └─3844 "/usr/bin/redis-server 127.0.0.1:6379"

Aug 06 11:41:32 runnervmscnyy systemd[1]: Starting redis-server.service - Advanced key-value store...
Aug 06 11:41:32 runnervmscnyy systemd[1]: Started redis-server.service - Advanced key-value store.

○ franzfon-wizard.service - FRANZFON Wizard ARM64
     Loaded: loaded (/etc/systemd/system/franzfon-wizard.service; disabled; preset: enabled)
     Active: inactive (dead)
