Aug 06 11:48:11 runnervmscnyy systemd[1]: Started asterisk.service - Asterisk PBX for FRANZFON ARM64.
Aug 06 11:48:11 runnervmscnyy asterisk[55219]: PBX UUID: 5b2150fd-9db2-4614-9a6f-acf189f97bd5
Aug 06 11:48:11 runnervmscnyy asterisk[55219]: Could not find option 'minimum_size' with type 'threadpool' in module 'stasis'
Aug 06 11:48:11 runnervmscnyy asterisk[55219]: Unable to load config file 'stasis.conf'
Aug 06 11:48:11 runnervmscnyy asterisk[55219]: Could not load Stasis configuration; using defaults
Aug 06 11:48:11 runnervmscnyy asterisk[55219]: [2026-08-06 11:48:11] NOTICE[55219]: loader.c:2568 load_modules: 333 modules will be loaded.
Aug 06 11:48:12 runnervmscnyy asterisk[55219]: [2026-08-06 11:48:12] NOTICE[55219]: res_odbc.c:718 load_odbc_config: Registered ODBC class 'asteriskcdrdb' dsn->[asteriskcdrdb]
Aug 06 11:48:12 runnervmscnyy asterisk[55219]: [2026-08-06 11:48:12] ERROR[55219]: res_config_sqlite3.c:1275 parse_config: Missing config file 'res_config_sqlite3.conf'
Aug 06 11:48:12 runnervmscnyy asterisk[55219]: [2026-08-06 11:48:12] ERROR[55219]: config_options.c:710 aco_process_config: Unable to load config file 'statsd.conf'
Aug 06 11:48:12 runnervmscnyy asterisk[55219]: [2026-08-06 11:48:12] NOTICE[55219]: res_statsd.c:399 load_module: Could not load statsd config; using defaults
Aug 06 11:48:12 runnervmscnyy asterisk[55219]: [2026-08-06 11:48:12] WARNING[55219]: ccss.c:4357 initialize_cc_max_requests: Could not find valid ccss.conf file. Using cc_max_requests default
Aug 06 11:48:12 runnervmscnyy asterisk[55219]: [2026-08-06 11:48:12] WARNING[55219]: ccss.c:4414 initialize_cc_devstate_map: Could not find valid ccss.conf file. Using cc_[state]_devstate defaults
Aug 06 11:48:12 runnervmscnyy asterisk[55219]: [2026-08-06 11:48:12] NOTICE[55219]: cdr.c:4656 cdr_toggle_runtime_options: CDR simple logging enabled.
Aug 06 11:48:12 runnervmscnyy asterisk[55219]: [2026-08-06 11:48:12] ERROR[55219]: config_options.c:710 aco_process_config: Unable to load config file 'cel.conf'
Aug 06 11:48:12 runnervmscnyy asterisk[55219]: [2026-08-06 11:48:12] NOTICE[55219]: cel.c:1679 load_module: Failed to process CEL configuration; using defaults
Aug 06 11:48:12 runnervmscnyy asterisk[55219]: [2026-08-06 11:48:12] ERROR[55219]: config_options.c:710 aco_process_config: Unable to load config file 'features.conf'
Aug 06 11:48:12 runnervmscnyy asterisk[55219]: [2026-08-06 11:48:12] NOTICE[55219]: features_config.c:1946 load_config: Could not load features config; using defaults
Aug 06 11:48:12 runnervmscnyy asterisk[55219]: [2026-08-06 11:48:12] WARNING[55219]: http.c:2564 __ast_http_load: Ignoring unknown option 'websocket_enabled' in http.conf
Aug 06 11:48:12 runnervmscnyy asterisk[55219]: [2026-08-06 11:48:12] WARNING[55219]: indications.c:1071 load_indications: Can't find indications config file indications.conf.
Aug 06 11:48:12 runnervmscnyy asterisk[55219]: [2026-08-06 11:48:12] ERROR[55219]: config_options.c:710 aco_process_config: Unable to load config file 'acl.conf'
Aug 06 11:48:12 runnervmscnyy asterisk[55219]: [2026-08-06 11:48:12] ERROR[55219]: config_options.c:710 aco_process_config: Unable to load config file 'udptl.conf'
Aug 06 11:48:12 runnervmscnyy asterisk[55219]: [2026-08-06 11:48:12] NOTICE[55219]: udptl.c:1363 __ast_udptl_reload: Could not load udptl config; using defaults
Aug 06 11:48:12 runnervmscnyy asterisk[55219]: [2026-08-06 11:48:12] ERROR[55219]: res_sorcery_config.c:328 sorcery_config_internal_load: Unable to load config file 'geolocation.conf'
Aug 06 11:48:12 runnervmscnyy asterisk[55219]: [2026-08-06 11:48:12] ERROR[55219]: res_sorcery_config.c:328 sorcery_config_internal_load: Unable to load config file 'geolocation.conf'
Aug 06 11:48:12 runnervmscnyy asterisk[55219]: [2026-08-06 11:48:12] ERROR[55219]: res_sorcery_config.c:328 sorcery_config_internal_load: Unable to load config file 'pjproject.conf'
Aug 06 11:48:12 runnervmscnyy asterisk[55219]: [2026-08-06 11:48:12] ERROR[55219]: res_pjsip_config_wizard.c:1074 object_type_loaded_observer: Unable to load config file 'pjsip_wizard.conf'
Aug 06 11:48:12 runnervmscnyy asterisk[55219]: [2026-08-06 11:48:12] ERROR[55219]: res_pjsip_config_wizard.c:1074 object_type_loaded_observer: Unable to load config file 'pjsip_wizard.conf'
Aug 06 11:48:12 runnervmscnyy asterisk[55219]: [2026-08-06 11:48:12] ERROR[55219]: res_pjsip_config_wizard.c:1074 object_type_loaded_observer: Unable to load config file 'pjsip_wizard.conf'
Aug 06 11:48:12 runnervmscnyy asterisk[55219]: [2026-08-06 11:48:12] ERROR[55219]: res_pjsip_config_wizard.c:1074 object_type_loaded_observer: Unable to load config file 'pjsip_wizard.conf'
Aug 06 11:48:12 runnervmscnyy asterisk[55219]: [2026-08-06 11:48:12] WARNING[55219]: res_stun_monitor.c:335 load_config: Unable to load config res_stun_monitor.conf
Aug 06 11:48:12 runnervmscnyy asterisk[55219]: [2026-08-06 11:48:12] ERROR[55219]: res_sorcery_config.c:328 sorcery_config_internal_load: Unable to load config file 'aeap.conf'
Aug 06 11:48:12 runnervmscnyy asterisk[55219]: [2026-08-06 11:48:12] WARNING[55219]: res_musiconhold.c:2333 load_module: No music on hold classes configured, disabling music on hold.
Aug 06 11:48:12 runnervmscnyy asterisk[55219]: [2026-08-06 11:48:12] ERROR[55219]: res_sorcery_config.c:328 sorcery_config_internal_load: Unable to load config file 'websocket_client.conf'
Aug 06 11:48:12 runnervmscnyy asterisk[55219]: [2026-08-06 11:48:12] ERROR[55219]: res_phoneprov.c:1376 load_common: Unable to load config phoneprov.conf
Aug 06 11:48:12 runnervmscnyy asterisk[55219]: [2026-08-06 11:48:12] ERROR[55219]: res_phoneprov.c:1451 load_module: Unable to load provisioning profiles.
Aug 06 11:48:12 runnervmscnyy asterisk[55219]: [2026-08-06 11:48:12] NOTICE[55219]: res_smdi.c:981 smdi_load: Unable to load config smdi.conf: SMDI disabled
Aug 06 11:48:12 runnervmscnyy asterisk[55219]: [2026-08-06 11:48:12] NOTICE[55219]: res_smdi.c:1430 load_module: No SMDI interfaces are available to listen on, not starting SMDI listener.
Aug 06 11:48:12 runnervmscnyy asterisk[55219]: [2026-08-06 11:48:12] ERROR[55219]: chan_iax2.c:13719 set_config: Unable to load config iax.conf
Aug 06 11:48:12 runnervmscnyy asterisk[55219]: [2026-08-06 11:48:12] ERROR[55219]: config_options.c:710 aco_process_config: Unable to load config file 'hep.conf'
Aug 06 11:48:12 runnervmscnyy asterisk[55219]: [2026-08-06 11:48:12] NOTICE[55219]: res_fax.c:4545 set_config: Configuration file 'res_fax.conf' not found, using default options.
Aug 06 11:48:12 runnervmscnyy asterisk[55219]: [2026-08-06 11:48:12] ERROR[55219]: res_pjsip_config_wizard.c:1074 object_type_loaded_observer: Unable to load config file 'pjsip_wizard.conf'
Aug 06 11:48:12 runnervmscnyy asterisk[55219]: [2026-08-06 11:48:12] ERROR[55219]: config_options.c:710 aco_process_config: Unable to load config file 'pjsip_notify.conf'
Aug 06 11:48:12 runnervmscnyy asterisk[55219]: [2026-08-06 11:48:12] ERROR[55219]: res_calendar.c:1094 load_config: Unable to load config calendar.conf
Aug 06 11:48:12 runnervmscnyy asterisk[55219]: [2026-08-06 11:48:12] ERROR[55219]: config_options.c:710 aco_process_config: Unable to load config file 'res_parking.conf'
Aug 06 11:48:12 runnervmscnyy asterisk[55219]: [2026-08-06 11:48:12] ERROR[55219]: config_options.c:710 aco_process_config: Unable to load config file 'agents.conf'
Aug 06 11:48:12 runnervmscnyy asterisk[55219]: [2026-08-06 11:48:12] ERROR[55219]: app_agent_pool.c:2716 load_module: Unable to load config. Not loading module.
Aug 06 11:48:12 runnervmscnyy asterisk[55219]: [2026-08-06 11:48:12] ERROR[55219]: config_options.c:710 aco_process_config: Unable to load config file 'confbridge.conf'
Aug 06 11:48:12 runnervmscnyy asterisk[55219]: [2026-08-06 11:48:12] ERROR[55219]: app_confbridge.c:4672 load_module: Unable to load config. Not loading module.
Aug 06 11:48:12 runnervmscnyy asterisk[55219]: [2026-08-06 11:48:12] ERROR[55219]: cel_custom.c:86 load_config: Unable to load cel_custom.conf. Not logging CEL to custom CSVs.
Aug 06 11:48:12 runnervmscnyy asterisk[55219]: [2026-08-06 11:48:12] WARNING[55219]: cdr_odbc.c:201 odbc_load_module: cdr_odbc: Unable to load config for ODBC CDR's: cdr_odbc.conf
Aug 06 11:48:12 runnervmscnyy asterisk[55219]: [2026-08-06 11:48:12] WARNING[55219]: cdr_sqlite3_custom.c:161 load_config: Failed to load configuration file. Module not activated.
Aug 06 11:48:12 runnervmscnyy asterisk[55219]: [2026-08-06 11:48:12] WARNING[55219]: cel_manager.c:330 load_config: Failed to load configuration file. CEL manager Module not activated.
Aug 06 11:48:12 runnervmscnyy asterisk[55219]: [2026-08-06 11:48:12] WARNING[55219]: cdr_manager.c:215 load_config: Failed to load configuration file. Module not activated.
Aug 06 11:48:12 runnervmscnyy asterisk[55219]: [2026-08-06 11:48:12] ERROR[55219]: cdr_custom.c:98 load_config: Unable to load cdr_custom.conf. Not logging custom CSV CDRs.
Aug 06 11:48:12 runnervmscnyy asterisk[55219]: [2026-08-06 11:48:12] WARNING[55219]: cel_odbc.c:110 load_config: Unable to load cel_odbc.conf.  No ODBC CEL records!
Aug 06 11:48:12 runnervmscnyy asterisk[55219]: [2026-08-06 11:48:12] WARNING[55219]: cel_sqlite3_custom.c:161 load_config: Failed to load configuration file. Module not activated.
Aug 06 11:48:12 runnervmscnyy asterisk[55219]: [2026-08-06 11:48:12] NOTICE[55219]: pbx_ael.c:164 pbx_load_module: File /etc/asterisk/extensions.ael not found; AEL declining load
Aug 06 11:48:12 runnervmscnyy asterisk[55219]: [2026-08-06 11:48:12] WARNING[55219]: app_followme.c:423 reload_followme: No follow me config file (followme.conf), so no follow me
Aug 06 11:48:12 runnervmscnyy asterisk[55219]: [2026-08-06 11:48:12] ERROR[55219]: res_clialiases.c:196 load_config: res_clialiases configuration file 'cli_aliases.conf' not found
Aug 06 11:48:12 runnervmscnyy asterisk[55219]: [2026-08-06 11:48:12] ERROR[55219]: config_options.c:710 aco_process_config: Unable to load config file 'res_http_media_cache.conf'
Aug 06 11:48:12 runnervmscnyy asterisk[55219]: [2026-08-06 11:48:12] NOTICE[55219]: res_http_media_cache.c:816 load_module: Could not load res_http_media_cache config; using defaults
Aug 06 11:48:12 runnervmscnyy asterisk[55219]: [2026-08-06 11:48:12] ERROR[55219]: chan_unistim.c:6861 reload_config: Unable to load config unistim.conf
Aug 06 11:48:12 runnervmscnyy asterisk[55219]: [2026-08-06 11:48:12] ERROR[55219]: pbx_dundi.c:4955 set_config: Unable to load config dundi.conf
Aug 06 11:48:12 runnervmscnyy asterisk[55219]: [2026-08-06 11:48:12] WARNING[55219]: app_festival.c:571 load_module: No such configuration file festival.conf
Aug 06 11:48:12 runnervmscnyy asterisk[55219]: [2026-08-06 11:48:12] WARNING[55219]: app_minivm.c:2786 load_config: Failed to load configuration file. Module activated with default settings.
Aug 06 11:48:12 runnervmscnyy asterisk[55219]: [2026-08-06 11:48:12] ERROR[55219]: app_amd.c:518 load_config: Configuration file amd.conf missing.
Aug 06 11:48:12 runnervmscnyy asterisk[55219]: [2026-08-06 11:48:12] ERROR[55219]: config_options.c:710 aco_process_config: Unable to load config file 'prometheus.conf'
Aug 06 11:48:12 runnervmscnyy asterisk[55219]: [2026-08-06 11:48:12] NOTICE[55219]: func_odbc.c:1858 load_module: Unable to load config for func_odbc: func_odbc.conf
Aug 06 11:48:12 runnervmscnyy asterisk[55219]: [2026-08-06 11:48:12] NOTICE[55219]: app_queue.c:9774 reload_queue_rules: No queuerules.conf file found, queues will not follow penalty rules
Aug 06 11:48:12 runnervmscnyy asterisk[55219]: [2026-08-06 11:48:12] WARNING[55219]: loader.c:2572 load_modules: Some non-required modules failed to load.
Aug 06 11:48:12 runnervmscnyy asterisk[55219]: [2026-08-06 11:48:12] WARNING[55219]: loader.c:2666 load_modules: Module 'res_adsi' has been loaded but may be removed in a future release.
Aug 06 11:48:12 runnervmscnyy asterisk[55219]: [2026-08-06 11:48:12] WARNING[55219]: loader.c:2666 load_modules: Module 'app_adsiprog' has been loaded but may be removed in a future release.
Aug 06 11:48:12 runnervmscnyy asterisk[55219]: [2026-08-06 11:48:12] WARNING[55219]: loader.c:2666 load_modules: Module 'app_getcpeid' has been loaded but may be removed in a future release.
Aug 06 11:48:12 runnervmscnyy asterisk[55219]: [2026-08-06 11:48:12] ERROR[55219]: loader.c:2687 load_modules: res_stun_monitor declined to load.
Aug 06 11:48:12 runnervmscnyy asterisk[55219]: [2026-08-06 11:48:12] ERROR[55219]: loader.c:2687 load_modules: res_phoneprov declined to load.
Aug 06 11:48:12 runnervmscnyy asterisk[55219]: [2026-08-06 11:48:12] ERROR[55219]: loader.c:2687 load_modules: Declined modules which depend on res_phoneprov: res_pjsip_phoneprov_provider
Aug 06 11:48:12 runnervmscnyy asterisk[55219]: [2026-08-06 11:48:12] ERROR[55219]: loader.c:2687 load_modules: chan_iax2 declined to load.
Aug 06 11:48:12 runnervmscnyy asterisk[55219]: [2026-08-06 11:48:12] ERROR[55219]: loader.c:2687 load_modules: res_hep declined to load.
Aug 06 11:48:12 runnervmscnyy asterisk[55219]: [2026-08-06 11:48:12] ERROR[55219]: loader.c:2687 load_modules: Declined modules which depend on res_hep: res_hep_rtcp, res_hep_pjsip
Aug 06 11:48:12 runnervmscnyy asterisk[55219]: [2026-08-06 11:48:12] ERROR[55219]: loader.c:2687 load_modules: res_pjsip_notify declined to load.
Aug 06 11:48:12 runnervmscnyy asterisk[55219]: [2026-08-06 11:48:12] ERROR[55219]: loader.c:2687 load_modules: res_calendar declined to load.
Aug 06 11:48:12 runnervmscnyy asterisk[55219]: [2026-08-06 11:48:12] ERROR[55219]: loader.c:2687 load_modules: res_parking declined to load.
Aug 06 11:48:12 runnervmscnyy asterisk[55219]: [2026-08-06 11:48:12] ERROR[55219]: loader.c:2687 load_modules: app_agent_pool declined to load.
Aug 06 11:48:12 runnervmscnyy asterisk[55219]: [2026-08-06 11:48:12] ERROR[55219]: loader.c:2687 load_modules: app_confbridge declined to load.
Aug 06 11:48:12 runnervmscnyy asterisk[55219]: [2026-08-06 11:48:12] ERROR[55219]: loader.c:2687 load_modules: Declined modules which depend on app_confbridge: app_page
Aug 06 11:48:12 runnervmscnyy asterisk[55219]: [2026-08-06 11:48:12] ERROR[55219]: loader.c:2687 load_modules: cdr_csv declined to load.
Aug 06 11:48:12 runnervmscnyy asterisk[55219]: [2026-08-06 11:48:12] ERROR[55219]: loader.c:2687 load_modules: cdr_odbc declined to load.
Aug 06 11:48:12 runnervmscnyy asterisk[55219]: [2026-08-06 11:48:12] ERROR[55219]: loader.c:2687 load_modules: cdr_sqlite3_custom declined to load.
Aug 06 11:48:12 runnervmscnyy asterisk[55219]: [2026-08-06 11:48:12] ERROR[55219]: loader.c:2687 load_modules: cel_manager declined to load.
Aug 06 11:48:12 runnervmscnyy asterisk[55219]: [2026-08-06 11:48:12] ERROR[55219]: loader.c:2687 load_modules: cdr_manager declined to load.
Aug 06 11:48:12 runnervmscnyy asterisk[55219]: [2026-08-06 11:48:12] ERROR[55219]: loader.c:2687 load_modules: cel_sqlite3_custom declined to load.
Aug 06 11:48:12 runnervmscnyy asterisk[55219]: [2026-08-06 11:48:12] ERROR[55219]: loader.c:2687 load_modules: pbx_ael declined to load.
Aug 06 11:48:12 runnervmscnyy asterisk[55219]: [2026-08-06 11:48:12] ERROR[55219]: loader.c:2687 load_modules: app_followme declined to load.
Aug 06 11:48:12 runnervmscnyy asterisk[55219]: [2026-08-06 11:48:12] ERROR[55219]: loader.c:2687 load_modules: chan_unistim declined to load.
Aug 06 11:48:12 runnervmscnyy asterisk[55219]: [2026-08-06 11:48:12] ERROR[55219]: loader.c:2687 load_modules: pbx_dundi declined to load.
Aug 06 11:48:12 runnervmscnyy asterisk[55219]: [2026-08-06 11:48:12] ERROR[55219]: loader.c:2687 load_modules: app_festival declined to load.
Aug 06 11:48:12 runnervmscnyy asterisk[55219]: [2026-08-06 11:48:12] ERROR[55219]: loader.c:2687 load_modules: app_alarmreceiver declined to load.
Aug 06 11:48:12 runnervmscnyy asterisk[55219]: [2026-08-06 11:48:12] ERROR[55219]: loader.c:2687 load_modules: app_amd declined to load.
Aug 06 11:48:12 runnervmscnyy asterisk[55219]: [2026-08-06 11:48:12] ERROR[55219]: loader.c:2687 load_modules: res_prometheus declined to load.
Aug 06 11:48:12 runnervmscnyy asterisk[55219]: [2026-08-06 11:48:12] ERROR[55219]: loader.c:2687 load_modules: func_odbc declined to load.
Aug 06 11:48:12 runnervmscnyy asterisk[55219]: Asterisk Ready.
Aug 06 11:48:12 runnervmscnyy systemd[1]: Starting franzfon-wizard.service - FRANZFON Wizard ARM64...
Aug 06 11:48:12 runnervmscnyy systemd[1]: Started franzfon-wizard.service - FRANZFON Wizard ARM64.
Aug 06 11:48:12 runnervmscnyy node[55334]: [Startup] Operation-Log installiert (Kategorien: FritzBox, Push, Push-Relay, License, Update)
Aug 06 11:48:12 runnervmscnyy node[55334]: Warning: connect.session() MemoryStore is not
Aug 06 11:48:12 runnervmscnyy node[55334]: designed for a production environment, as it will leak
Aug 06 11:48:12 runnervmscnyy node[55334]: memory, and will not scale past a single process.
Aug 06 11:48:12 runnervmscnyy node[55334]: [DB] Forwarding default entry created
Aug 06 11:48:13 runnervmscnyy node[55334]: Default admin user created (franzfon/franz1234) - password change required on first login
Aug 06 11:48:13 runnervmscnyy node[55334]: [DB] Running migrations...
Aug 06 11:48:13 runnervmscnyy node[55334]: [DB] Migration: voip_push_tokens.voip_token Spalte hinzugefügt
Aug 06 11:48:13 runnervmscnyy node[55334]: [DB] Migration: voip_push_tokens.fail_count Spalte hinzugefügt
Aug 06 11:48:13 runnervmscnyy node[55334]: [DB] Migration: voip_push_tokens.stale Spalte hinzugefügt
Aug 06 11:48:13 runnervmscnyy node[55334]: [DB] SMTP settings initialized
Aug 06 11:48:13 runnervmscnyy node[55334]: [DB] Default business hours created
Aug 06 11:48:13 runnervmscnyy node[55334]: [DB] Default ring group "Zentrale" created with 1 members
Aug 06 11:48:13 runnervmscnyy node[55334]: [DB] Added voicemail_settings.transcript_in_email
Aug 06 11:48:13 runnervmscnyy node[55334]: [DB] Migration: holidays.source Spalte hinzugefügt
Aug 06 11:48:13 runnervmscnyy node[55334]: [DB] Migration: holidays.region Spalte hinzugefügt
Aug 06 11:48:13 runnervmscnyy node[55334]: [DB] Default Call-Flow #1 seeded (Standard Eingehend, 3 nodes, 5 edges)
Aug 06 11:48:13 runnervmscnyy node[55334]: [DB] Migration: contacts.email hinzugefügt
Aug 06 11:48:13 runnervmscnyy node[55334]: [DB] Migration: contacts.source hinzugefügt
Aug 06 11:48:13 runnervmscnyy node[55334]: [DB] Migration: contacts.external_id hinzugefügt
Aug 06 11:48:13 runnervmscnyy node[55334]: [DB] Migration: contacts.updated_at hinzugefügt
Aug 06 11:48:13 runnervmscnyy node[55334]: [DB] Migration: contacts.anrede hinzugefügt
Aug 06 11:48:13 runnervmscnyy node[55334]: [DB] Migration: contacts.strasse hinzugefügt
Aug 06 11:48:13 runnervmscnyy node[55334]: [DB] Migration: contacts.plz hinzugefügt
Aug 06 11:48:13 runnervmscnyy node[55334]: [DB] Migration: contacts.ort hinzugefügt
Aug 06 11:48:13 runnervmscnyy node[55334]: [DB] Migration: contacts.notizen hinzugefügt
Aug 06 11:48:13 runnervmscnyy node[55334]: [DB] Migration: devices.device_type hinzugefügt
Aug 06 11:48:13 runnervmscnyy node[55334]: [DB] Migrations completed
Aug 06 11:48:13 runnervmscnyy node[55334]: [AMI] AMI nicht konfiguriert — wird automatisch eingerichtet...
Aug 06 11:48:13 runnervmscnyy node[55334]: [AMI] Eingerichtet und geladen: user=6bc6e8847c53
Aug 06 11:48:13 runnervmscnyy node[55334]: [BLF] Verbinde mit Asterisk AMI...
Aug 06 11:48:13 runnervmscnyy node[55334]: [WebSocket] Voicemail-Ordner existiert nicht, erstelle...
Aug 06 11:48:13 runnervmscnyy node[55334]: [WebSocket] Überwache: /var/spool/asterisk/voicemail/default/200/INBOX
Aug 06 11:48:13 runnervmscnyy node[55334]: [WebSocket] Server gestartet auf /events
Aug 06 11:48:13 runnervmscnyy node[55334]: FranzFon Server running on http://0.0.0.0:3000
Aug 06 11:48:13 runnervmscnyy node[55334]:   - Wizard: http://localhost:3000/
Aug 06 11:48:13 runnervmscnyy node[55334]:   - Login: http://localhost:3000/login
Aug 06 11:48:13 runnervmscnyy node[55334]:   - Dashboard: http://localhost:3000/dashboard (Admin only)
Aug 06 11:48:13 runnervmscnyy node[55334]:   - Telefone: http://localhost:3000/devices (Admin only)
Aug 06 11:48:13 runnervmscnyy node[55334]:   - Provisioning: http://localhost:3000/provision/
Aug 06 11:48:13 runnervmscnyy node[55334]:   - WebSocket Events: ws://localhost:3000/events
Aug 06 11:48:13 runnervmscnyy node[55334]: [License-SSE] Kein License-Key konfiguriert, SSE deaktiviert
Aug 06 11:48:13 runnervmscnyy node[55334]: [Startup] License-Sync gestartet (Intervall: 6h)
Aug 06 11:48:13 runnervmscnyy node[55334]: [Trunk-Monitor] gestartet (Intervall 60s, Start in 90s, 2-Strike-Entprellung)
Aug 06 11:48:13 runnervmscnyy node[55334]: [Nextcloud-Kontakte] gestartet (Intervall 5 Minuten, Start in 75 Sekunden)
Aug 06 11:48:13 runnervmscnyy node[55334]: [Trunk-Selbsttest] gestartet (Intervall 15 Min, Start in 4 Min, inaktiv bis zum naechsten Trunk-Reconnect (keine internen Nummern persistiert))
Aug 06 11:48:13 runnervmscnyy node[55334]: [Push-Relay] Relay nicht gekoppelt — starte Auto-Pairing...
Aug 06 11:48:13 runnervmscnyy node[55334]: [Transcription] Automatische Transkription ist deaktiviert (kann in Einstellungen aktiviert werden)
Aug 06 11:48:13 runnervmscnyy asterisk[55219]: [2026-08-06 11:48:13] WARNING[55353]: db.c:540 ast_db_del2: AstDB key /FFPROBE/armed does not exist
Aug 06 11:48:13 runnervmscnyy node[55334]: [Aufnahme-Transkript] Worker gestartet (Intervall 10s)
Aug 06 11:48:13 runnervmscnyy node[55334]: [Retention] gestartet (taeglicher Cleanup, Start in 60s)
Aug 06 11:48:13 runnervmscnyy node[55334]: [Personalakte-Retention] gestartet (täglicher Fällig-Hinweis, kein Auto-Löschen)
Aug 06 11:48:13 runnervmscnyy node[55334]: [License-Sync] Sync fehlgeschlagen: key=***, reason=missing_credentials — Tier beibehalten
Aug 06 11:48:13 runnervmscnyy node[55334]: [Push-Relay] Auto-Pairing Versuch 1/5 fehlgeschlagen: license_missing
Aug 06 11:48:13 runnervmscnyy node[55334]: [Push-Relay] Permanenter Fehler (license_missing) — periodischer Recheck aktiv
Aug 06 11:48:13 runnervmscnyy node[55334]: [Startup] Push-Relay Kopplung ausstehend — Retry läuft im Hintergrund
Aug 06 11:48:13 runnervmscnyy node[55334]: [Startup] AI-Gateway nicht gekoppelt (license_missing)
Aug 06 11:48:13 runnervmscnyy node[55334]: [FRANZFON] Transport(s) fehlen: WebSocket, UDP, werden eingerichtet...
Aug 06 11:48:13 runnervmscnyy node[55334]: [BLF] AMI-Verbindung hergestellt
Aug 06 11:48:13 runnervmscnyy node[55334]: [BLF] AMI-Willkommen: Asterisk Call Manager/11.0.0
Aug 06 11:48:13 runnervmscnyy node[55334]: [BLF] AMI-Authentifizierung erfolgreich
Aug 06 11:48:13 runnervmscnyy asterisk[55219]: [2026-08-06 11:48:13] WARNING[55356]: db.c:540 ast_db_del2: AstDB key /FFPROBE/callerid does not exist
Aug 06 11:48:13 runnervmscnyy node[55334]: [BLF] Lade initialen Extension-Status...
Aug 06 11:48:13 runnervmscnyy node[55334]: [FRANZFON] Starte Asterisk neu...
Aug 06 11:48:13 runnervmscnyy node[55334]: [Asterisk-Restart][transports] Stop angefordert
Aug 06 11:48:13 runnervmscnyy node[55334]: [FRANZFON] ensureAdminPjsipEndpoint: Endpoint 200 fehlt, lege ihn an...
Aug 06 11:48:13 runnervmscnyy node[55334]: [CDR] MySQL-Verbindung OK
Aug 06 11:48:13 runnervmscnyy asterisk[55219]: [2026-08-06 11:48:13] WARNING[55363]: db.c:540 ast_db_del2: AstDB key /FFPROBE/result does not exist
Aug 06 11:48:13 runnervmscnyy node[55334]: [BLF] 1 Extensions geladen
Aug 06 11:48:13 runnervmscnyy asterisk[55219]: [2026-08-06 11:48:13] ERROR[55294]: res_pjsip_config_wizard.c:1074 object_type_loaded_observer: Unable to load config file 'pjsip_wizard.conf'
Aug 06 11:48:13 runnervmscnyy asterisk[55219]: [2026-08-06 11:48:13] ERROR[55294]: res_pjsip_config_wizard.c:1074 object_type_loaded_observer: Unable to load config file 'pjsip_wizard.conf'
Aug 06 11:48:13 runnervmscnyy asterisk[55219]: [2026-08-06 11:48:13] ERROR[55294]: res_pjsip_config_wizard.c:1074 object_type_loaded_observer: Unable to load config file 'pjsip_wizard.conf'
Aug 06 11:48:13 runnervmscnyy asterisk[55219]: [2026-08-06 11:48:13] ERROR[55294]: res_pjsip_config_wizard.c:1074 object_type_loaded_observer: Unable to load config file 'pjsip_wizard.conf'
Aug 06 11:48:13 runnervmscnyy asterisk[55219]: [2026-08-06 11:48:13] NOTICE[55294]: sorcery.c:1412 sorcery_object_load: Type 'system' is not reloadable, maintaining previous values
Aug 06 11:48:13 runnervmscnyy asterisk[55219]: [2026-08-06 11:48:13] ERROR[55294]: res_pjsip_config_wizard.c:1074 object_type_loaded_observer: Unable to load config file 'pjsip_wizard.conf'
Aug 06 11:48:13 runnervmscnyy node[55334]: [FRANZFON] ensureAdminPjsipEndpoint fehlgeschlagen: ENOENT: no such file or directory, open '/etc/asterisk/extensions_custom.conf'
Aug 06 11:48:13 runnervmscnyy systemd[1]: Stopping asterisk.service - Asterisk PBX for FRANZFON ARM64...
Aug 06 11:48:13 runnervmscnyy asterisk[55219]: Asterisk cleanly ending (0).
Aug 06 11:48:13 runnervmscnyy asterisk[55219]: Executing last minute cleanups
Aug 06 11:48:13 runnervmscnyy asterisk[55219]: 
Aug 06 11:48:13 runnervmscnyy node[55334]: [BLF] AMI-Verbindung geschlossen
Aug 06 11:48:13 runnervmscnyy node[55334]: [BLF] Reconnect in 5 Sekunden...
Aug 06 11:48:13 runnervmscnyy systemd[1]: asterisk.service: Deactivated successfully.
Aug 06 11:48:13 runnervmscnyy systemd[1]: Stopped asterisk.service - Asterisk PBX for FRANZFON ARM64.
Aug 06 11:48:13 runnervmscnyy node[55334]: [Asterisk-Restart][transports] Start
Aug 06 11:48:13 runnervmscnyy systemd[1]: Started asterisk.service - Asterisk PBX for FRANZFON ARM64.
Aug 06 11:48:14 runnervmscnyy node[55334]: [Update-Check] Bereits aktuell (1.2.0)
Aug 06 11:48:14 runnervmscnyy asterisk[55386]: PBX UUID: 5b2150fd-9db2-4614-9a6f-acf189f97bd5
Aug 06 11:48:14 runnervmscnyy asterisk[55386]: Could not find option 'minimum_size' with type 'threadpool' in module 'stasis'
Aug 06 11:48:14 runnervmscnyy asterisk[55386]: Unable to load config file 'stasis.conf'
Aug 06 11:48:14 runnervmscnyy asterisk[55386]: Could not load Stasis configuration; using defaults
Aug 06 11:48:14 runnervmscnyy asterisk[55386]: [2026-08-06 11:48:14] NOTICE[55386]: loader.c:2568 load_modules: 333 modules will be loaded.
Aug 06 11:48:14 runnervmscnyy asterisk[55386]: [2026-08-06 11:48:14] NOTICE[55386]: res_odbc.c:718 load_odbc_config: Registered ODBC class 'asteriskcdrdb' dsn->[asteriskcdrdb]
Aug 06 11:48:14 runnervmscnyy asterisk[55386]: [2026-08-06 11:48:14] ERROR[55386]: res_config_sqlite3.c:1275 parse_config: Missing config file 'res_config_sqlite3.conf'
Aug 06 11:48:14 runnervmscnyy asterisk[55386]: [2026-08-06 11:48:14] ERROR[55386]: config_options.c:710 aco_process_config: Unable to load config file 'statsd.conf'
Aug 06 11:48:14 runnervmscnyy asterisk[55386]: [2026-08-06 11:48:14] NOTICE[55386]: res_statsd.c:399 load_module: Could not load statsd config; using defaults
Aug 06 11:48:14 runnervmscnyy asterisk[55386]: [2026-08-06 11:48:14] WARNING[55386]: ccss.c:4357 initialize_cc_max_requests: Could not find valid ccss.conf file. Using cc_max_requests default
Aug 06 11:48:14 runnervmscnyy asterisk[55386]: [2026-08-06 11:48:14] WARNING[55386]: ccss.c:4414 initialize_cc_devstate_map: Could not find valid ccss.conf file. Using cc_[state]_devstate defaults
Aug 06 11:48:14 runnervmscnyy asterisk[55386]: [2026-08-06 11:48:14] NOTICE[55386]: cdr.c:4656 cdr_toggle_runtime_options: CDR simple logging enabled.
Aug 06 11:48:14 runnervmscnyy asterisk[55386]: [2026-08-06 11:48:14] ERROR[55386]: config_options.c:710 aco_process_config: Unable to load config file 'cel.conf'
Aug 06 11:48:14 runnervmscnyy asterisk[55386]: [2026-08-06 11:48:14] NOTICE[55386]: cel.c:1679 load_module: Failed to process CEL configuration; using defaults
Aug 06 11:48:14 runnervmscnyy asterisk[55386]: [2026-08-06 11:48:14] ERROR[55386]: config_options.c:710 aco_process_config: Unable to load config file 'features.conf'
Aug 06 11:48:14 runnervmscnyy asterisk[55386]: [2026-08-06 11:48:14] NOTICE[55386]: features_config.c:1946 load_config: Could not load features config; using defaults
Aug 06 11:48:14 runnervmscnyy asterisk[55386]: [2026-08-06 11:48:14] WARNING[55386]: http.c:2564 __ast_http_load: Ignoring unknown option 'websocket_enabled' in http.conf
Aug 06 11:48:14 runnervmscnyy asterisk[55386]: [2026-08-06 11:48:14] WARNING[55386]: indications.c:1071 load_indications: Can't find indications config file indications.conf.
Aug 06 11:48:14 runnervmscnyy asterisk[55386]: [2026-08-06 11:48:14] ERROR[55386]: config_options.c:710 aco_process_config: Unable to load config file 'acl.conf'
Aug 06 11:48:14 runnervmscnyy asterisk[55386]: [2026-08-06 11:48:14] ERROR[55386]: config_options.c:710 aco_process_config: Unable to load config file 'udptl.conf'
Aug 06 11:48:14 runnervmscnyy asterisk[55386]: [2026-08-06 11:48:14] NOTICE[55386]: udptl.c:1363 __ast_udptl_reload: Could not load udptl config; using defaults
Aug 06 11:48:14 runnervmscnyy asterisk[55386]: [2026-08-06 11:48:14] ERROR[55386]: res_sorcery_config.c:328 sorcery_config_internal_load: Unable to load config file 'geolocation.conf'
Aug 06 11:48:14 runnervmscnyy asterisk[55386]: [2026-08-06 11:48:14] ERROR[55386]: res_sorcery_config.c:328 sorcery_config_internal_load: Unable to load config file 'geolocation.conf'
Aug 06 11:48:14 runnervmscnyy asterisk[55386]: [2026-08-06 11:48:14] ERROR[55386]: res_sorcery_config.c:328 sorcery_config_internal_load: Unable to load config file 'pjproject.conf'
Aug 06 11:48:14 runnervmscnyy node[55334]: [WebSocket] BLF-Service integriert
Aug 06 11:48:14 runnervmscnyy asterisk[55386]: [2026-08-06 11:48:14] ERROR[55386]: res_pjsip_config_wizard.c:1074 object_type_loaded_observer: Unable to load config file 'pjsip_wizard.conf'
Aug 06 11:48:14 runnervmscnyy asterisk[55386]: [2026-08-06 11:48:14] ERROR[55386]: res_pjsip_config_wizard.c:1074 object_type_loaded_observer: Unable to load config file 'pjsip_wizard.conf'
Aug 06 11:48:14 runnervmscnyy asterisk[55386]: [2026-08-06 11:48:14] ERROR[55386]: res_pjsip_config_wizard.c:1074 object_type_loaded_observer: Unable to load config file 'pjsip_wizard.conf'
Aug 06 11:48:14 runnervmscnyy asterisk[55386]: [2026-08-06 11:48:14] ERROR[55386]: res_pjsip_config_wizard.c:1074 object_type_loaded_observer: Unable to load config file 'pjsip_wizard.conf'
Aug 06 11:48:14 runnervmscnyy asterisk[55386]: [2026-08-06 11:48:14] WARNING[55386]: res_stun_monitor.c:335 load_config: Unable to load config res_stun_monitor.conf
Aug 06 11:48:14 runnervmscnyy asterisk[55386]: [2026-08-06 11:48:14] ERROR[55386]: res_sorcery_config.c:328 sorcery_config_internal_load: Unable to load config file 'aeap.conf'
Aug 06 11:48:14 runnervmscnyy asterisk[55386]: [2026-08-06 11:48:14] WARNING[55386]: res_musiconhold.c:2333 load_module: No music on hold classes configured, disabling music on hold.
Aug 06 11:48:14 runnervmscnyy asterisk[55386]: [2026-08-06 11:48:14] ERROR[55386]: res_sorcery_config.c:328 sorcery_config_internal_load: Unable to load config file 'websocket_client.conf'
Aug 06 11:48:14 runnervmscnyy asterisk[55386]: [2026-08-06 11:48:14] ERROR[55386]: res_phoneprov.c:1376 load_common: Unable to load config phoneprov.conf
Aug 06 11:48:14 runnervmscnyy asterisk[55386]: [2026-08-06 11:48:14] ERROR[55386]: res_phoneprov.c:1451 load_module: Unable to load provisioning profiles.
Aug 06 11:48:14 runnervmscnyy asterisk[55386]: [2026-08-06 11:48:14] NOTICE[55386]: res_smdi.c:981 smdi_load: Unable to load config smdi.conf: SMDI disabled
Aug 06 11:48:14 runnervmscnyy asterisk[55386]: [2026-08-06 11:48:14] NOTICE[55386]: res_smdi.c:1430 load_module: No SMDI interfaces are available to listen on, not starting SMDI listener.
Aug 06 11:48:14 runnervmscnyy asterisk[55386]: [2026-08-06 11:48:14] ERROR[55386]: chan_iax2.c:13719 set_config: Unable to load config iax.conf
Aug 06 11:48:14 runnervmscnyy asterisk[55386]: [2026-08-06 11:48:14] ERROR[55386]: config_options.c:710 aco_process_config: Unable to load config file 'hep.conf'
Aug 06 11:48:14 runnervmscnyy asterisk[55386]: [2026-08-06 11:48:14] NOTICE[55386]: res_fax.c:4545 set_config: Configuration file 'res_fax.conf' not found, using default options.
Aug 06 11:48:14 runnervmscnyy asterisk[55386]: [2026-08-06 11:48:14] ERROR[55386]: res_pjsip_config_wizard.c:1074 object_type_loaded_observer: Unable to load config file 'pjsip_wizard.conf'
Aug 06 11:48:14 runnervmscnyy asterisk[55386]: [2026-08-06 11:48:14] ERROR[55386]: config_options.c:710 aco_process_config: Unable to load config file 'pjsip_notify.conf'
Aug 06 11:48:14 runnervmscnyy asterisk[55386]: [2026-08-06 11:48:14] ERROR[55386]: res_calendar.c:1094 load_config: Unable to load config calendar.conf
Aug 06 11:48:14 runnervmscnyy asterisk[55386]: [2026-08-06 11:48:14] ERROR[55386]: config_options.c:710 aco_process_config: Unable to load config file 'res_parking.conf'
Aug 06 11:48:14 runnervmscnyy asterisk[55386]: [2026-08-06 11:48:14] ERROR[55386]: config_options.c:710 aco_process_config: Unable to load config file 'agents.conf'
Aug 06 11:48:14 runnervmscnyy asterisk[55386]: [2026-08-06 11:48:14] ERROR[55386]: app_agent_pool.c:2716 load_module: Unable to load config. Not loading module.
Aug 06 11:48:14 runnervmscnyy asterisk[55386]: [2026-08-06 11:48:14] ERROR[55386]: config_options.c:710 aco_process_config: Unable to load config file 'confbridge.conf'
Aug 06 11:48:14 runnervmscnyy asterisk[55386]: [2026-08-06 11:48:14] ERROR[55386]: app_confbridge.c:4672 load_module: Unable to load config. Not loading module.
Aug 06 11:48:14 runnervmscnyy asterisk[55386]: [2026-08-06 11:48:14] ERROR[55386]: cel_custom.c:86 load_config: Unable to load cel_custom.conf. Not logging CEL to custom CSVs.
Aug 06 11:48:14 runnervmscnyy asterisk[55386]: [2026-08-06 11:48:14] WARNING[55386]: cdr_odbc.c:201 odbc_load_module: cdr_odbc: Unable to load config for ODBC CDR's: cdr_odbc.conf
Aug 06 11:48:14 runnervmscnyy asterisk[55386]: [2026-08-06 11:48:14] WARNING[55386]: cdr_sqlite3_custom.c:161 load_config: Failed to load configuration file. Module not activated.
Aug 06 11:48:14 runnervmscnyy asterisk[55386]: [2026-08-06 11:48:14] WARNING[55386]: cel_manager.c:330 load_config: Failed to load configuration file. CEL manager Module not activated.
Aug 06 11:48:14 runnervmscnyy asterisk[55386]: [2026-08-06 11:48:14] WARNING[55386]: cdr_manager.c:215 load_config: Failed to load configuration file. Module not activated.
Aug 06 11:48:14 runnervmscnyy asterisk[55386]: [2026-08-06 11:48:14] ERROR[55386]: cdr_custom.c:98 load_config: Unable to load cdr_custom.conf. Not logging custom CSV CDRs.
Aug 06 11:48:14 runnervmscnyy asterisk[55386]: [2026-08-06 11:48:14] WARNING[55386]: cel_odbc.c:110 load_config: Unable to load cel_odbc.conf.  No ODBC CEL records!
Aug 06 11:48:14 runnervmscnyy asterisk[55386]: [2026-08-06 11:48:14] WARNING[55386]: cel_sqlite3_custom.c:161 load_config: Failed to load configuration file. Module not activated.
Aug 06 11:48:14 runnervmscnyy asterisk[55386]: [2026-08-06 11:48:14] NOTICE[55386]: pbx_ael.c:164 pbx_load_module: File /etc/asterisk/extensions.ael not found; AEL declining load
Aug 06 11:48:14 runnervmscnyy asterisk[55386]: [2026-08-06 11:48:14] WARNING[55386]: app_followme.c:423 reload_followme: No follow me config file (followme.conf), so no follow me
Aug 06 11:48:14 runnervmscnyy asterisk[55386]: [2026-08-06 11:48:14] ERROR[55386]: res_clialiases.c:196 load_config: res_clialiases configuration file 'cli_aliases.conf' not found
Aug 06 11:48:14 runnervmscnyy asterisk[55386]: [2026-08-06 11:48:14] ERROR[55386]: config_options.c:710 aco_process_config: Unable to load config file 'res_http_media_cache.conf'
Aug 06 11:48:14 runnervmscnyy asterisk[55386]: [2026-08-06 11:48:14] NOTICE[55386]: res_http_media_cache.c:816 load_module: Could not load res_http_media_cache config; using defaults
Aug 06 11:48:14 runnervmscnyy asterisk[55386]: [2026-08-06 11:48:14] ERROR[55386]: chan_unistim.c:6861 reload_config: Unable to load config unistim.conf
Aug 06 11:48:14 runnervmscnyy asterisk[55386]: [2026-08-06 11:48:14] ERROR[55386]: pbx_dundi.c:4955 set_config: Unable to load config dundi.conf
Aug 06 11:48:14 runnervmscnyy asterisk[55386]: [2026-08-06 11:48:14] WARNING[55386]: app_festival.c:571 load_module: No such configuration file festival.conf
Aug 06 11:48:14 runnervmscnyy asterisk[55386]: [2026-08-06 11:48:14] WARNING[55386]: app_minivm.c:2786 load_config: Failed to load configuration file. Module activated with default settings.
Aug 06 11:48:14 runnervmscnyy asterisk[55386]: [2026-08-06 11:48:14] ERROR[55386]: app_amd.c:518 load_config: Configuration file amd.conf missing.
Aug 06 11:48:14 runnervmscnyy asterisk[55386]: [2026-08-06 11:48:14] ERROR[55386]: config_options.c:710 aco_process_config: Unable to load config file 'prometheus.conf'
Aug 06 11:48:14 runnervmscnyy asterisk[55386]: [2026-08-06 11:48:14] NOTICE[55386]: func_odbc.c:1858 load_module: Unable to load config for func_odbc: func_odbc.conf
Aug 06 11:48:14 runnervmscnyy asterisk[55386]: [2026-08-06 11:48:14] NOTICE[55386]: app_queue.c:9774 reload_queue_rules: No queuerules.conf file found, queues will not follow penalty rules
Aug 06 11:48:14 runnervmscnyy asterisk[55386]: [2026-08-06 11:48:14] WARNING[55386]: loader.c:2572 load_modules: Some non-required modules failed to load.
Aug 06 11:48:14 runnervmscnyy asterisk[55386]: [2026-08-06 11:48:14] WARNING[55386]: loader.c:2666 load_modules: Module 'res_adsi' has been loaded but may be removed in a future release.
Aug 06 11:48:14 runnervmscnyy asterisk[55386]: [2026-08-06 11:48:14] WARNING[55386]: loader.c:2666 load_modules: Module 'app_adsiprog' has been loaded but may be removed in a future release.
Aug 06 11:48:14 runnervmscnyy asterisk[55386]: [2026-08-06 11:48:14] WARNING[55386]: loader.c:2666 load_modules: Module 'app_getcpeid' has been loaded but may be removed in a future release.
Aug 06 11:48:14 runnervmscnyy asterisk[55386]: [2026-08-06 11:48:14] ERROR[55386]: loader.c:2687 load_modules: res_stun_monitor declined to load.
Aug 06 11:48:14 runnervmscnyy asterisk[55386]: [2026-08-06 11:48:14] ERROR[55386]: loader.c:2687 load_modules: res_phoneprov declined to load.
Aug 06 11:48:14 runnervmscnyy asterisk[55386]: [2026-08-06 11:48:14] ERROR[55386]: loader.c:2687 load_modules: Declined modules which depend on res_phoneprov: res_pjsip_phoneprov_provider
Aug 06 11:48:14 runnervmscnyy asterisk[55386]: [2026-08-06 11:48:14] ERROR[55386]: loader.c:2687 load_modules: chan_iax2 declined to load.
Aug 06 11:48:14 runnervmscnyy asterisk[55386]: [2026-08-06 11:48:14] ERROR[55386]: loader.c:2687 load_modules: res_hep declined to load.
Aug 06 11:48:14 runnervmscnyy asterisk[55386]: [2026-08-06 11:48:14] ERROR[55386]: loader.c:2687 load_modules: Declined modules which depend on res_hep: res_hep_rtcp, res_hep_pjsip
Aug 06 11:48:14 runnervmscnyy asterisk[55386]: [2026-08-06 11:48:14] ERROR[55386]: loader.c:2687 load_modules: res_pjsip_notify declined to load.
Aug 06 11:48:14 runnervmscnyy asterisk[55386]: [2026-08-06 11:48:14] ERROR[55386]: loader.c:2687 load_modules: res_calendar declined to load.
Aug 06 11:48:14 runnervmscnyy asterisk[55386]: [2026-08-06 11:48:14] ERROR[55386]: loader.c:2687 load_modules: res_parking declined to load.
Aug 06 11:48:14 runnervmscnyy asterisk[55386]: [2026-08-06 11:48:14] ERROR[55386]: loader.c:2687 load_modules: app_agent_pool declined to load.
Aug 06 11:48:14 runnervmscnyy asterisk[55386]: [2026-08-06 11:48:14] ERROR[55386]: loader.c:2687 load_modules: app_confbridge declined to load.
Aug 06 11:48:14 runnervmscnyy asterisk[55386]: [2026-08-06 11:48:14] ERROR[55386]: loader.c:2687 load_modules: Declined modules which depend on app_confbridge: app_page
Aug 06 11:48:14 runnervmscnyy asterisk[55386]: [2026-08-06 11:48:14] ERROR[55386]: loader.c:2687 load_modules: cdr_csv declined to load.
Aug 06 11:48:14 runnervmscnyy asterisk[55386]: [2026-08-06 11:48:14] ERROR[55386]: loader.c:2687 load_modules: cdr_odbc declined to load.
Aug 06 11:48:14 runnervmscnyy asterisk[55386]: [2026-08-06 11:48:14] ERROR[55386]: loader.c:2687 load_modules: cdr_sqlite3_custom declined to load.
Aug 06 11:48:14 runnervmscnyy asterisk[55386]: [2026-08-06 11:48:14] ERROR[55386]: loader.c:2687 load_modules: cel_manager declined to load.
Aug 06 11:48:14 runnervmscnyy asterisk[55386]: [2026-08-06 11:48:14] ERROR[55386]: loader.c:2687 load_modules: cdr_manager declined to load.
Aug 06 11:48:14 runnervmscnyy asterisk[55386]: [2026-08-06 11:48:14] ERROR[55386]: loader.c:2687 load_modules: cel_sqlite3_custom declined to load.
Aug 06 11:48:14 runnervmscnyy asterisk[55386]: [2026-08-06 11:48:14] ERROR[55386]: loader.c:2687 load_modules: pbx_ael declined to load.
Aug 06 11:48:14 runnervmscnyy asterisk[55386]: [2026-08-06 11:48:14] ERROR[55386]: loader.c:2687 load_modules: app_followme declined to load.
Aug 06 11:48:14 runnervmscnyy asterisk[55386]: [2026-08-06 11:48:14] ERROR[55386]: loader.c:2687 load_modules: chan_unistim declined to load.
Aug 06 11:48:14 runnervmscnyy asterisk[55386]: [2026-08-06 11:48:14] ERROR[55386]: loader.c:2687 load_modules: pbx_dundi declined to load.
Aug 06 11:48:14 runnervmscnyy asterisk[55386]: [2026-08-06 11:48:14] ERROR[55386]: loader.c:2687 load_modules: app_festival declined to load.
Aug 06 11:48:14 runnervmscnyy asterisk[55386]: [2026-08-06 11:48:14] ERROR[55386]: loader.c:2687 load_modules: app_alarmreceiver declined to load.
Aug 06 11:48:14 runnervmscnyy asterisk[55386]: [2026-08-06 11:48:14] ERROR[55386]: loader.c:2687 load_modules: app_amd declined to load.
Aug 06 11:48:14 runnervmscnyy asterisk[55386]: [2026-08-06 11:48:14] ERROR[55386]: loader.c:2687 load_modules: res_prometheus declined to load.
Aug 06 11:48:14 runnervmscnyy asterisk[55386]: [2026-08-06 11:48:14] ERROR[55386]: loader.c:2687 load_modules: func_odbc declined to load.
Aug 06 11:48:14 runnervmscnyy asterisk[55386]: Asterisk Ready.
Aug 06 11:48:15 runnervmscnyy node[55334]: [Asterisk-Unit] Native systemd-Unit fehlt, installiere (LSB-Race-Fix)
Aug 06 11:48:15 runnervmscnyy node[55334]: [Asterisk-Unit] systemctl enable asterisk OK
Aug 06 11:48:17 runnervmscnyy node[55334]: [Asterisk-Restart][transports] OK — CLI + AMI ready
Aug 06 11:48:17 runnervmscnyy node[55334]: [FRANZFON] Transports eingerichtet!
Aug 06 11:48:18 runnervmscnyy node[55334]: [VoIP-Push] Astdb-Sync: 0 Extensions initialisiert
Aug 06 11:48:18 runnervmscnyy node[55334]: [BLF] Verbinde mit Asterisk AMI...
Aug 06 11:48:18 runnervmscnyy node[55334]: [BLF] AMI-Verbindung hergestellt
Aug 06 11:48:18 runnervmscnyy node[55334]: [BLF] AMI-Willkommen: Asterisk Call Manager/11.0.0
Aug 06 11:48:18 runnervmscnyy node[55334]: [BLF] AMI-Authentifizierung erfolgreich
Aug 06 11:48:18 runnervmscnyy node[55334]: [BLF] Lade initialen Extension-Status...
Aug 06 11:48:18 runnervmscnyy node[55334]: [BLF] 1 Extensions geladen
Aug 06 11:48:18 runnervmscnyy node[55334]: [WebSocket] Event "blf_status_loaded" an 0 Clients gesendet
Aug 06 11:48:22 runnervmscnyy node[55334]: [FRANZFON] Consent-Dialplan geschrieben
Aug 06 11:48:22 runnervmscnyy node[55334]: [FRANZFON] Consent-Dialplan in extensions.conf eingebunden
Aug 06 11:48:22 runnervmscnyy node[55334]: [FRANZFON] Consent-Dialplan geladen + verifiziert
Aug 06 11:48:22 runnervmscnyy node[55334]: [FRANZFON] Sound-Asset installiert: callfilter/cf-abweisung.wav
Aug 06 11:48:22 runnervmscnyy node[55334]: [FRANZFON] Sound-Asset installiert: callfilter/cf-anonym.wav
Aug 06 11:48:22 runnervmscnyy node[55334]: [FRANZFON] Sound-Asset installiert: callfilter/cf-press1.wav
Aug 06 11:48:22 runnervmscnyy node[55334]: [FRANZFON] Sound-Asset installiert: callfilter/cf-voicemail.wav
Aug 06 11:48:22 runnervmscnyy node[55334]: [FRANZFON] Sound-Asset installiert: consent/consent-ansage-cloud.wav
Aug 06 11:48:22 runnervmscnyy node[55334]: [FRANZFON] Sound-Asset installiert: consent/consent-ansage-lokal.wav
Aug 06 11:48:22 runnervmscnyy node[55334]: [FRANZFON] Sound-Asset installiert: consent/consent-zustimmung-cloud.wav
Aug 06 11:48:22 runnervmscnyy node[55334]: [FRANZFON] Sound-Asset installiert: consent/consent-zustimmung-lokal.wav
Aug 06 11:48:33 runnervmscnyy node[55334]: [Dead-Token-Poll] Schedule gestartet (Intervall: 86400s, Endpoint: /dead-tokens)
Aug 06 11:48:37 runnervmscnyy node[55334]: [FRANZFON] Fax-Dialplan-Abgleich übersprungen (Fax nicht eingerichtet)
