
===== ENVIRONMENT =====
Linux runnervmvrwv9 6.17.0-1020-azure #20~24.04.1-Ubuntu SMP Fri Jun 19 20:09:14 UTC 2026 x86_64 x86_64 x86_64 GNU/Linux
Filesystem     Type      Size  Used Avail Use% Mounted on
/dev/root      ext4      145G   42G  103G  29% /
tmpfs          tmpfs     7.9G   84K  7.9G   1% /dev/shm
tmpfs          tmpfs     3.2G 1016K  3.2G   1% /run
tmpfs          tmpfs     5.0M     0  5.0M   0% /run/lock
efivarfs       efivarfs  128M   32K  128M   1% /sys/firmware/efi/efivars
/dev/sda16     ext4      881M   64M  756M   8% /boot
/dev/sda15     vfat      105M  6.2M   99M   6% /boot/efi
tmpfs          tmpfs     1.6G   12K  1.6G   1% /run/user/1001
Python 3.12.3
losetup from util-linux 2.39.3
  LVM version:     2.03.16(2) (2022-05-18)
  Library version: 1.02.185 (2022-05-18)
  Configuration:   ./configure --build=x86_64-linux-gnu --prefix=/usr --includedir=${prefix}/include --mandir=${prefix}/share/man --infodir=${prefix}/share/info --sysconfdir=/etc --localstatedir=/var --disable-option-checking --disable-silent-rules --libdir=${prefix}/lib/x86_64-linux-gnu --runstatedir=/run --disable-maintainer-mode --disable-dependency-tracking --prefix=/usr --exec-prefix=/usr --with-usrlibdir=/usr/lib/x86_64-linux-gnu --with-optimisation=-O2 --with-cache=internal --with-device-uid=0 --with-device-gid=6 --with-device-mode=0660 --with-default-pid-dir=/run --with-default-run-dir=/run/lvm --with-default-locking-dir=/run/lock/lvm --with-thin=internal --with-thin-check=/usr/sbin/thin_check --with-thin-dump=/usr/sbin/thin_dump --with-thin-repair=/usr/sbin/thin_repair --enable-applib --enable-blkid_wiping --enable-cmdlib --enable-dmeventd --enable-editline --enable-lvmlockd-dlm --enable-lvmlockd-sanlock --enable-lvmpolld --enable-notify-dbus --enable-pkgconfig --enable-udev_rules --enable-udev_sync --disable-readline

===== STREAM EXTRACT VMA =====
device 1: drive-scsi0, virtual size=34359738368
processed 1000 extents
processed 2000 extents
processed 3000 extents
processed 4000 extents
processed 5000 extents
processed 6000 extents
processed 7000 extents
processed 8000 extents
processed 9000 extents
done: 9040 extents
=== EXTRACTED FILES ===
34359738368 bytes	/home/runner/work/FrapzPifon/FrapzPifon/extracted/drive-scsi0
447 bytes	/home/runner/work/FrapzPifon/FrapzPifon/extracted/qemu-server.conf

=== PHYSICAL / APPARENT DISK USAGE ===
9.4G	/home/runner/work/FrapzPifon/FrapzPifon/extracted/drive-scsi0
4.0K	/home/runner/work/FrapzPifon/FrapzPifon/extracted/qemu-server.conf
32G	/home/runner/work/FrapzPifon/FrapzPifon/extracted/drive-scsi0
447	/home/runner/work/FrapzPifon/FrapzPifon/extracted/qemu-server.conf

Filesystem     Type      Size  Used Avail Use% Mounted on
/dev/root      ext4      145G   52G   94G  36% /
tmpfs          tmpfs     7.9G   84K  7.9G   1% /dev/shm
tmpfs          tmpfs     3.2G 1016K  3.2G   1% /run
tmpfs          tmpfs     5.0M     0  5.0M   0% /run/lock
efivarfs       efivarfs  128M   32K  128M   1% /sys/firmware/efi/efivars
/dev/sda16     ext4      881M   64M  756M   8% /boot
/dev/sda15     vfat      105M  6.2M   99M   6% /boot/efi
tmpfs          tmpfs     1.6G   12K  1.6G   1% /run/user/1001
Selected virtual disk: /home/runner/work/FrapzPifon/FrapzPifon/extracted/drive-scsi0
/home/runner/work/FrapzPifon/FrapzPifon/extracted/drive-scsi0: DOS/MBR boot sector
  File: /home/runner/work/FrapzPifon/FrapzPifon/extracted/drive-scsi0
  Size: 34359738368	Blocks: 19696568   IO Block: 4096   regular file
Device: 8,1	Inode: 8673968     Links: 1
Access: (0644/-rw-r--r--)  Uid: ( 1001/  runner)   Gid: ( 1001/  runner)
Access: 2026-08-06 07:31:39.433570932 +0000
Modify: 2026-08-06 07:31:39.406570472 +0000
Change: 2026-08-06 07:31:39.406570472 +0000
 Birth: 2026-08-06 07:30:10.586522192 +0000

===== PARTITION TABLE =====
=== FDISK ===
Disk /home/runner/work/FrapzPifon/FrapzPifon/extracted/drive-scsi0: 32 GiB, 34359738368 bytes, 67108864 sectors
Units: sectors of 1 * 512 = 512 bytes
Sector size (logical/physical): 512 bytes / 512 bytes
I/O size (minimum/optimal): 512 bytes / 512 bytes
Disklabel type: dos
Disk identifier: 0xc4150cfe

Device                                                          Boot    Start      End  Sectors  Size Id Type
/home/runner/work/FrapzPifon/FrapzPifon/extracted/drive-scsi0p1 *        2048 65107967 65105920   31G 83 Linux
/home/runner/work/FrapzPifon/FrapzPifon/extracted/drive-scsi0p2      65110014 67106815  1996802  975M  5 Extended
/home/runner/work/FrapzPifon/FrapzPifon/extracted/drive-scsi0p5      65110016 67106815  1996800  975M 82 Linux swap / Solaris

=== PARTED ===
Model:  (file)
Disk /home/runner/work/FrapzPifon/FrapzPifon/extracted/drive-scsi0: 34359738368B
Sector size (logical/physical): 512B/512B
Partition Table: msdos
Disk Flags: 

Number  Start         End           Size          Type      File system     Flags
 1      1048576B      33335279615B  33334231040B  primary   ext4            boot
 2      33336327168B  34358689791B  1022362624B   extended
 5      33336328192B  34358689791B  1022361600B   logical   linux-swap(v1)  swap


===== ATTACH READ-ONLY LOOP DEVICE =====
NAME      PATH         TYPE        SIZE FSTYPE FSVER LABEL UUID                                 RO MOUNTPOINTS
loop0     /dev/loop0   loop 34359738368                                                          1 
├─loop0p1 /dev/loop0p1 part 33334231040 ext4   1.0         8782b316-fa18-4de3-9d57-56ab3e1acc10  1 
├─loop0p2 /dev/loop0p2 part        1024                                                          1 
└─loop0p5 /dev/loop0p5 part  1022361600 swap   1           41294e36-34c9-4f44-a6c0-ee1f5ecf59dc  1 

===== DISCOVER LVM IF PRESENT =====
NAME      PATH         TYPE         SIZE FSTYPE FSVER LABEL           UUID                                 RO MOUNTPOINTS
loop0     /dev/loop0   loop  34359738368                                                                    1 
├─loop0p1 /dev/loop0p1 part  33334231040 ext4   1.0                   8782b316-fa18-4de3-9d57-56ab3e1acc10  1 
├─loop0p2 /dev/loop0p2 part         1024                                                                    1 
└─loop0p5 /dev/loop0p5 part   1022361600 swap   1                     41294e36-34c9-4f44-a6c0-ee1f5ecf59dc  1 
sda       /dev/sda     disk 161061273600                                                                    0 
├─sda1    /dev/sda1    part 159986466304 ext4   1.0   cloudimg-rootfs 4fb3a8bb-9f91-4001-85e4-3802bfd91621  0 /
├─sda14   /dev/sda14   part      4194304                                                                    0 
├─sda15   /dev/sda15   part    111149056 vfat   FAT32 UEFI            8973-8468                             0 /boot/efi
└─sda16   /dev/sda16   part    957350400 ext4   1.0   BOOT            cef74325-ccfc-4b4c-89f2-37270c7c1cad  0 /boot


===== FIND AND MOUNT LINUX ROOT READ-ONLY =====
33334231040	/dev/loop0p1	ext4
Trying /dev/loop0p1 (ext4, 33334231040 bytes)
/dev/loop0p1	ext4

===== SYSTEM AND PACKAGE INVENTORY =====

===== SERVICE INVENTORY =====

===== APPLICATION TREE AND BINARY ARCHITECTURES =====

===== DATABASE, ASTERISK, UPDATE INVENTORY =====

===== SANITIZE REPORT =====
