
===== ENVIRONMENT =====
Linux runnervmvrwv9 6.17.0-1020-azure #20~24.04.1-Ubuntu SMP Fri Jun 19 20:09:14 UTC 2026 x86_64 x86_64 x86_64 GNU/Linux
Filesystem     Type      Size  Used Avail Use% Mounted on
/dev/root      ext4      145G   42G  103G  30% /
tmpfs          tmpfs     7.9G   84K  7.9G   1% /dev/shm
tmpfs          tmpfs     3.2G 1016K  3.2G   1% /run
tmpfs          tmpfs     5.0M     0  5.0M   0% /run/lock
efivarfs       efivarfs  128M   32K  128M   1% /sys/firmware/efi/efivars
/dev/sda16     ext4      881M   64M  756M   8% /boot
/dev/sda15     vfat      105M  6.2M   99M   6% /boot/efi
tmpfs          tmpfs     1.6G   12K  1.6G   1% /run/user/1001
Python 3.12.3
guestfish 1.52.0
virt-filesystems 1.52.0

===== STREAM EXTRACT VMA =====
device 1: drive-scsi0, virtual size=34359738368
processed 1000 extents
processed 2000 extents
processed 3000 extents
processed 4000 extents
processed 5000 extents
processed 6000 extents
processed 7000 extents
processed 8000 extents
processed 9000 extents
done: 9040 extents
=== EXTRACTED FILES ===
34359738368 bytes	/home/runner/work/FrapzPifon/FrapzPifon/extracted/drive-scsi0
447 bytes	/home/runner/work/FrapzPifon/FrapzPifon/extracted/qemu-server.conf

=== PHYSICAL / APPARENT DISK USAGE ===
9.4G	/home/runner/work/FrapzPifon/FrapzPifon/extracted/drive-scsi0
4.0K	/home/runner/work/FrapzPifon/FrapzPifon/extracted/qemu-server.conf
32G	/home/runner/work/FrapzPifon/FrapzPifon/extracted/drive-scsi0
447	/home/runner/work/FrapzPifon/FrapzPifon/extracted/qemu-server.conf

Filesystem     Type      Size  Used Avail Use% Mounted on
/dev/root      ext4      145G   52G   93G  36% /
tmpfs          tmpfs     7.9G   84K  7.9G   1% /dev/shm
tmpfs          tmpfs     3.2G 1016K  3.2G   1% /run
tmpfs          tmpfs     5.0M     0  5.0M   0% /run/lock
efivarfs       efivarfs  128M   32K  128M   1% /sys/firmware/efi/efivars
/dev/sda16     ext4      881M   64M  756M   8% /boot
/dev/sda15     vfat      105M  6.2M   99M   6% /boot/efi
tmpfs          tmpfs     1.6G   12K  1.6G   1% /run/user/1001
Selected virtual disk: /home/runner/work/FrapzPifon/FrapzPifon/extracted/drive-scsi0
/home/runner/work/FrapzPifon/FrapzPifon/extracted/drive-scsi0: DOS/MBR boot sector
  File: /home/runner/work/FrapzPifon/FrapzPifon/extracted/drive-scsi0
  Size: 34359738368	Blocks: 19696584   IO Block: 4096   regular file
Device: 8,1	Inode: 8662322     Links: 1
Access: (0644/-rw-r--r--)  Uid: ( 1001/  runner)   Gid: ( 1001/  runner)
Access: 2026-08-06 07:06:56.693662425 +0000
Modify: 2026-08-06 07:06:56.663662396 +0000
Change: 2026-08-06 07:06:56.663662396 +0000
 Birth: 2026-08-06 07:05:23.758511826 +0000

===== LIBGUESTFS INVENTORY =====
libguestfs: error: /usr/bin/supermin exited with error status 1.
To see full error messages you may need to enable debugging.
Do:
  export LIBGUESTFS_DEBUG=1 LIBGUESTFS_TRACE=1
and run the command again.  For further information, read:
  http://libguestfs.org/guestfs-faq.1.html#debugging-libguestfs
You can also run 'libguestfs-test-tool' and post the *complete* output
into a bug report or message to the libguestfs mailing list.

===== MOUNT GUEST READ-ONLY =====
Automatic inspection mount failed. Trying candidate filesystems.
ERROR: Could not mount a Linux root filesystem with libguestfs
